// Jest Snapshot v1, https://goo.gl/fbAQLP

exports[`ng add @test/schematics should create the file 1`] = `"console.log('ðŸ‘‹ from schematics')"`;
